#-----------------------------------------------------------
# Webtalk v2018.2 (64-bit)
# SW Build 2258646 on Thu Jun 14 20:02:38 MDT 2018
# IP Build 2256618 on Thu Jun 14 22:10:49 MDT 2018
# Start of session at: Thu Apr 21 09:44:28 2022
# Process ID: 8478
# Current directory: /home/ahamdy/Bureau/prog_system/processor/processor_vhdl/processor_vhdl.sim/sim_1/behav/xsim
# Command line: wbtcv -mode batch -source /home/ahamdy/Bureau/prog_system/processor/processor_vhdl/processor_vhdl.sim/sim_1/behav/xsim/xsim.dir/ALU_SIMU_behav/webtalk/xsim_webtalk.tcl -notrace
# Log file: /home/ahamdy/Bureau/prog_system/processor/processor_vhdl/processor_vhdl.sim/sim_1/behav/xsim/webtalk.log
# Journal file: /home/ahamdy/Bureau/prog_system/processor/processor_vhdl/processor_vhdl.sim/sim_1/behav/xsim/webtalk.jou
#-----------------------------------------------------------
source /home/ahamdy/Bureau/prog_system/processor/processor_vhdl/processor_vhdl.sim/sim_1/behav/xsim/xsim.dir/ALU_SIMU_behav/webtalk/xsim_webtalk.tcl -notrace
